// Jest Snapshot v1, https://goo.gl/fbAQLP

exports[`renders without crashing 1`] = `
ShallowWrapper {
  "length": 1,
  Symbol(enzyme.__root__): [Circular],
  Symbol(enzyme.__unrendered__): <withStyles(Connect(App))
    classes={
        Object {
            "navButton": "",
            "root": "",
          }
    }
    push={[Function]}
/>,
  Symbol(enzyme.__renderer__): Object {
    "batchedUpdates": [Function],
    "getNode": [Function],
    "render": [Function],
    "simulateEvent": [Function],
    "unmount": [Function],
  },
  Symbol(enzyme.__node__): Object {
    "instance": null,
    "key": undefined,
    "nodeType": "class",
    "props": Object {
      "classes": Object {
        "appBar": "Connect-App--appBar-4",
        "logo": "Connect-App--logo-2",
        "navButton": "Connect-App--navButton-5",
        "root": "Connect-App--root-1",
        "title": "Connect-App--title-3",
      },
      "push": [Function],
    },
    "ref": null,
    "rendered": null,
    "type": [Function],
  },
  Symbol(enzyme.__nodes__): Array [
    Object {
      "instance": null,
      "key": undefined,
      "nodeType": "class",
      "props": Object {
        "classes": Object {
          "appBar": "Connect-App--appBar-4",
          "logo": "Connect-App--logo-2",
          "navButton": "Connect-App--navButton-5",
          "root": "Connect-App--root-1",
          "title": "Connect-App--title-3",
        },
        "push": [Function],
      },
      "ref": null,
      "rendered": null,
      "type": [Function],
    },
  ],
  Symbol(enzyme.__options__): Object {
    "adapter": ReactSixteenAdapter {
      "options": Object {
        "enableComponentDidUpdateOnSetState": true,
      },
    },
  },
}
`;
